exports[`test Shows array type field 1`] = `
<div>
  TODO - This is recursive 
</div>
`;
